[INFO] Scanning for projects...
[INFO] 
[INFO] ------------------< com.carlosrosa:portfolio-backend >------------------
[INFO] Building portfolio-backend 0.0.1-SNAPSHOT
[INFO]   from pom.xml
[INFO] --------------------------------[ jar ]---------------------------------
[INFO] 
[INFO] --- clean:3.3.2:clean (default-clean) @ portfolio-backend ---
[INFO] Deleting C:\Users\wende\Documents\Carlos movie\carlos-rosa-platform\backend\target
[INFO] 
[INFO] --- resources:3.3.1:resources (default-resources) @ portfolio-backend ---
[INFO] Copying 1 resource from src\main\resources to target\classes
[INFO] Copying 0 resource from src\main\resources to target\classes
[INFO] 
[INFO] --- compiler:3.11.0:compile (default-compile) @ portfolio-backend ---
[INFO] Changes detected - recompiling the module! :source
[INFO] Compiling 34 source files with javac [debug release 21] to target\classes
[INFO] Annotation processing is enabled because one or more processors were found
  on the class path. A future release of javac may disable annotation processing
  unless at least one processor is specified by name (-processor), or a search
  path is specified (--processor-path, --processor-module-path), or annotation
  processing is enabled explicitly (-proc:only, -proc:full).
  Use -Xlint:-options to suppress this message.
  Use -proc:none to disable annotation processing.
[INFO] -------------------------------------------------------------
[WARNING] COMPILATION WARNING : 
[INFO] -------------------------------------------------------------
[WARNING] /C:/Users/wende/Documents/Carlos movie/carlos-rosa-platform/backend/src/main/java/com/carlosrosa/portfolio/security/SecurityConfig.java:[28,13] cors() in org.springframework.security.config.annotation.web.builders.HttpSecurity has been deprecated and marked for removal
[WARNING] /C:/Users/wende/Documents/Carlos movie/carlos-rosa-platform/backend/src/main/java/com/carlosrosa/portfolio/security/SecurityConfig.java:[28,20] and() in org.springframework.security.config.annotation.SecurityConfigurerAdapter has been deprecated and marked for removal
[WARNING] /C:/Users/wende/Documents/Carlos movie/carlos-rosa-platform/backend/src/main/java/com/carlosrosa/portfolio/security/SecurityConfig.java:[28,26] csrf() in org.springframework.security.config.annotation.web.builders.HttpSecurity has been deprecated and marked for removal
[WARNING] /C:/Users/wende/Documents/Carlos movie/carlos-rosa-platform/backend/src/main/java/com/carlosrosa/portfolio/security/SecurityConfig.java:[29,17] exceptionHandling() in org.springframework.security.config.annotation.web.builders.HttpSecurity has been deprecated and marked for removal
[WARNING] /C:/Users/wende/Documents/Carlos movie/carlos-rosa-platform/backend/src/main/java/com/carlosrosa/portfolio/security/SecurityConfig.java:[29,83] and() in org.springframework.security.config.annotation.SecurityConfigurerAdapter has been deprecated and marked for removal
[WARNING] /C:/Users/wende/Documents/Carlos movie/carlos-rosa-platform/backend/src/main/java/com/carlosrosa/portfolio/security/SecurityConfig.java:[30,17] sessionManagement() in org.springframework.security.config.annotation.web.builders.HttpSecurity has been deprecated and marked for removal
[WARNING] /C:/Users/wende/Documents/Carlos movie/carlos-rosa-platform/backend/src/main/java/com/carlosrosa/portfolio/security/SecurityConfig.java:[30,92] and() in org.springframework.security.config.annotation.SecurityConfigurerAdapter has been deprecated and marked for removal
[INFO] 7 warnings 
[INFO] -------------------------------------------------------------
[INFO] -------------------------------------------------------------
[ERROR] COMPILATION ERROR : 
[INFO] -------------------------------------------------------------
[ERROR] /C:/Users/wende/Documents/Carlos movie/carlos-rosa-platform/backend/src/main/java/com/carlosrosa/portfolio/services/UserService.java:[49,36] constructor Role in class com.carlosrosa.portfolio.entities.Role cannot be applied to given types;
  required: no arguments
  found:    java.lang.String
  reason: actual and formal argument lists differ in length
[INFO] 1 error
[INFO] -------------------------------------------------------------
[INFO] ------------------------------------------------------------------------
[INFO] BUILD FAILURE
[INFO] ------------------------------------------------------------------------
[INFO] Total time:  4.696 s
[INFO] Finished at: 2026-08-13T20:23:50-03:00
[INFO] ------------------------------------------------------------------------
[ERROR] Failed to execute goal org.apache.maven.plugins:maven-compiler-plugin:3.11.0:compile (default-compile) on project portfolio-backend: Compilation failure
[ERROR] /C:/Users/wende/Documents/Carlos movie/carlos-rosa-platform/backend/src/main/java/com/carlosrosa/portfolio/services/UserService.java:[49,36] constructor Role in class com.carlosrosa.portfolio.entities.Role cannot be applied to given types;
[ERROR]   required: no arguments
[ERROR]   found:    java.lang.String
[ERROR]   reason: actual and formal argument lists differ in length
[ERROR] -> [Help 1]
[ERROR] 
[ERROR] To see the full stack trace of the errors, re-run Maven with the -e switch.
[ERROR] Re-run Maven using the -X switch to enable full debug logging.
[ERROR] 
[ERROR] For more information about the errors and possible solutions, please read the following articles:
[ERROR] [Help 1] http://cwiki.apache.org/confluence/display/MAVEN/MojoFailureException
